// Jest Snapshot v1, https://goo.gl/fbAQLP

exports[`test dir: emptyConduitDir 
protos: 
	output: 1`] = `
"Did not find any message types in conduit/
done!
"
`;

exports[`test dir: singleConduitType 
protos: 
	output: 1`] = `
"writing test.proto
done!
"
`;

exports[`test dir: singleConduitType 
protos: 
	test.proto: 1`] = `
"
syntax=\\"proto2\\";
        

        
enum Animal {
	Cat = 1;
	Dog = 2;
}
    
        
message M1 {
	required double d = 1;
	required Animal a = 2;
}
        "
`;
